[2026-08-06T01:08:01.590Z] [log] JQMIGRATE: Migrate is installed, version 3.3.2
[2026-08-06T01:08:04.917Z] [error] Failed to load resource: the server responded with a status of 404 ()
[2026-08-06T01:08:09.029Z] [warning] yui: NOT loaded: squarespace-visitor_site_error_reporter
[2026-08-06T01:08:09.029Z] [warning] yui: NOT loaded: squarespace-cldr_resource_pack
[2026-08-06T01:08:09.029Z] [warning] yui: NOT loaded: squarespace-common_vendors_stable
[2026-08-06T01:08:09.029Z] [warning] yui: NOT loaded: squarespace-common_vendors
[2026-08-06T01:08:09.031Z] [warning] yui: NOT loaded: squarespace-performance
[2026-08-06T01:08:12.921Z] [error] Failed to load resource: the server responded with a status of 503 ()
[2026-08-06T01:08:12.921Z] [error] Failed to load resource: the server responded with a status of 503 ()
[2026-08-06T01:08:12.923Z] [error] Failed to load resource: the server responded with a status of 503 ()
[2026-08-06T01:08:12.927Z] [error] Failed to load resource: the server responded with a status of 503 ()
[2026-08-06T01:08:12.931Z] [error] Failed to load resource: the server responded with a status of 503 ()
[2026-08-06T01:08:12.933Z] [error] Failed to load resource: the server responded with a status of 503 ()
[2026-08-06T01:08:12.936Z] [error] Failed to load resource: the server responded with a status of 503 ()
[2026-08-06T01:08:12.941Z] [error] Failed to load resource: the server responded with a status of 503 ()
[2026-08-06T01:08:12.942Z] [error] Failed to load resource: the server responded with a status of 503 ()
[2026-08-06T01:08:12.948Z] [error] Failed to load resource: the server responded with a status of 503 ()
[2026-08-06T01:08:12.950Z] [error] Failed to load resource: the server responded with a status of 503 ()
[2026-08-06T01:08:12.954Z] [error] Failed to load resource: the server responded with a status of 503 ()
[2026-08-06T01:08:12.959Z] [error] Failed to load resource: the server responded with a status of 503 ()
[2026-08-06T01:08:12.963Z] [error] Failed to load resource: the server responded with a status of 503 ()
[2026-08-06T01:08:12.973Z] [error] Failed to load resource: the server responded with a status of 503 ()
[2026-08-06T01:08:12.973Z] [error] Failed to load resource: the server responded with a status of 503 ()
[2026-08-06T01:08:12.973Z] [error] Failed to load resource: the server responded with a status of 503 ()
[2026-08-06T01:08:12.973Z] [error] Failed to load resource: the server responded with a status of 503 ()
[2026-08-06T01:08:12.980Z] [error] Failed to load resource: the server responded with a status of 503 ()
[2026-08-06T01:08:12.980Z] [error] Failed to load resource: the server responded with a status of 503 ()
[2026-08-06T01:08:12.990Z] [log] %cmm:app:info%c Ready! 
      background: #00BCD4;
      border-radius: 0.5em;
      color: white;
      font-weight: bold;
      padding: 2px 0.5em;
     
[2026-08-06T01:08:14.875Z] [warning] [.WebGL-0x291c0017e200]GL Driver Message (OpenGL, Performance, GL_CLOSE_PATH_NV, High): GPU stall due to ReadPixels
[2026-08-06T01:08:14.875Z] [warning] [.WebGL-0x291c00176a00]GL Driver Message (OpenGL, Performance, GL_CLOSE_PATH_NV, High): GPU stall due to ReadPixels
[2026-08-06T01:08:14.891Z] [warning] [.WebGL-0x291c0017e200]GL Driver Message (OpenGL, Performance, GL_CLOSE_PATH_NV, High): GPU stall due to ReadPixels
[2026-08-06T01:08:14.891Z] [warning] [.WebGL-0x291c00176a00]GL Driver Message (OpenGL, Performance, GL_CLOSE_PATH_NV, High): GPU stall due to ReadPixels (this message will no longer repeat)
